Sampling: passed=true; 24 signal cases; exact 1:1=true
Cache 12mp-jpeg.jpg: passed=true, cold=1.861s, warm=[0.994578542, 0.962228417, 0.963145084, 0.962358416, 0.963190625]
Cache 07-bayer.dng: passed=true, cold=0.397s, warm=[0.069279042, 0.068856041, 0.06931525, 0.069284708, 0.069124042]
Cache 16bit.png: passed=true, cold=0.017s, warm=[0.000352584, 0.000308417, 0.000299, 0.000301291, 0.000303667]
01-jpeg.jpg: passed · 48x32 · error 0.01592201
02-png.png: passed · 48x32 · error 0.000028207898
03-tiff.tiff: passed · 48x32 · error 0.000028207898
04-gif.gif: passed · 48x32 · error 0.000028207898
05-bmp.bmp: passed · 48x32 · error 0.000028207898
06-heic.heic: passed · 48x32 · error 0.0060018897
16bit.png: passed · 48x32 · error 0.000028207898
16bit.tiff: passed · 48x32 · error 0.000028207898
orientation-1.tiff: passed · 48x32 · error 0.000028207898
orientation-2.tiff: passed · 48x32 · error 0.000028207898
orientation-3.tiff: passed · 48x32 · error 0.000028207898
orientation-4.tiff: passed · 48x32 · error 0.000028207898
orientation-5.tiff: passed · 32x48 · error 0.000028207898
orientation-6.tiff: passed · 32x48 · error 0.000028207898
orientation-7.tiff: passed · 32x48 · error 0.000028207898
orientation-8.tiff: passed · 32x48 · error 0.000028207898
12mp-jpeg.jpg: passed · 4000x3000 · error 0.01592201
07-bayer.dng: passed · 1024x768 · error 0
08-webp.webp: passed · 48x32 · error 0.000028207898
{
  "application": "TrueRenderer",
  "version": "0.1.4",
  "passed": true,
  "checked_at": "2026-09-07T03:58:50.888952+00:00",
  "bundle": "dist/TrueRenderer.app",
  "binary_sha256": {
    "Contents/MacOS/TrueRenderer": "d340d12f44170b8a1cf0afbadfd99d3c66836167f14d7316f53e01de32d60be7",
    "Contents/XPCServices/Decoder0.xpc/Contents/MacOS/Decoder": "8248eb240297f10692db99786c5ec4aa0a4e06eb26256965058095f6c23c6738",
    "Contents/XPCServices/Decoder1.xpc/Contents/MacOS/Decoder": "e4e121c9990baef02b57ba512f4ab0cafc7200690ccd943f571eeb1a7a0f8689"
  },
  "integration_report": "xpc-integration-macos.json",
  "production_rejects_fault_injection": true,
  "production_rejection_exit_code": 1,
  "production_rejection": "TrueRenderer: Il servizio non \u00e8 una build di fault injection",
  "memory_growth_report": null,
  "full_sandbox_gate_passed": false
}
Native surface sampling: passed=true
{
  "application": "TrueRenderer",
  "version": "0.1.4",
  "passed": true,
  "checked_at": "2026-09-07T03:59:00.793850+00:00",
  "format": "macOS arm64 app bundle",
  "bundle": "dist/TrueRenderer.app",
  "signature": "ad hoc; verified with codesign --deep --strict",
  "finder_smoke": "passed via LaunchServices",
  "finder_smoke_report": "finder-macos.json",
  "relocation_smoke": "passed with independent bundle and corpus copies",
  "relocation_smoke_report": "relocation-macos.json",
  "embedded_services": [
    {
      "bundle": "Contents/XPCServices/Decoder0.xpc",
      "identifier": "it.truerenderer.prototype.decoder.0",
      "entitlements": {
        "com.apple.security.app-sandbox": true
      }
    },
    {
      "bundle": "Contents/XPCServices/Decoder1.xpc",
      "identifier": "it.truerenderer.prototype.decoder.1",
      "entitlements": {
        "com.apple.security.app-sandbox": true
      }
    }
  ],
  "binaries": {
    "Contents/MacOS/TrueRenderer": {
      "bytes": 18233664,
      "sha256": "d340d12f44170b8a1cf0afbadfd99d3c66836167f14d7316f53e01de32d60be7",
      "architecture": "arm64"
    },
    "Contents/MacOS/tr-worker": {
      "bytes": 960096,
      "sha256": "658379acfdd1da1e998b55a9b83b6237abdb9f917431eb6d8c5ff042410f6b28",
      "architecture": "arm64"
    },
    "Contents/XPCServices/Decoder0.xpc/Contents/MacOS/Decoder": {
      "bytes": 6143344,
      "sha256": "8248eb240297f10692db99786c5ec4aa0a4e06eb26256965058095f6c23c6738",
      "architecture": "arm64"
    },
    "Contents/XPCServices/Decoder1.xpc/Contents/MacOS/Decoder": {
      "bytes": 6143344,
      "sha256": "e4e121c9990baef02b57ba512f4ab0cafc7200690ccd943f571eeb1a7a0f8689",
      "architecture": "arm64"
    }
  },
  "scope": "internal macOS R0 prototype; distribution signer, supported OS range and full sandbox gate remain open"
}
Installed TrueRenderer 0.1.4: all native checks passed
