    Checking tr-core v0.1.4 (/Users/antonio/Desktop/TrueRenderer/crates/tr-core)
   Compiling tr-platform v0.1.4 (/Users/antonio/Desktop/TrueRenderer/crates/tr-platform)
   Compiling tr-worker v0.1.4 (/Users/antonio/Desktop/TrueRenderer/crates/tr-worker)
    Checking tr-app v0.1.4 (/Users/antonio/Desktop/TrueRenderer/crates/tr-app)
    Checking tr-store v0.1.4 (/Users/antonio/Desktop/TrueRenderer/crates/tr-store)
    Checking tr-render v0.1.4 (/Users/antonio/Desktop/TrueRenderer/crates/tr-render)
    Checking truerenderer v0.1.4 (/Users/antonio/Desktop/TrueRenderer/apps/desktop)
    Finished `dev` profile [optimized + debuginfo] target(s) in 1.55s
   Compiling sha2-asm v0.6.4
   Compiling sha2 v0.10.9
   Compiling tr-core v0.1.4 (/Users/antonio/Desktop/TrueRenderer/crates/tr-core)
   Compiling tr-app v0.1.4 (/Users/antonio/Desktop/TrueRenderer/crates/tr-app)
   Compiling tr-render v0.1.4 (/Users/antonio/Desktop/TrueRenderer/crates/tr-render)
   Compiling tr-platform v0.1.4 (/Users/antonio/Desktop/TrueRenderer/crates/tr-platform)
   Compiling tr-store v0.1.4 (/Users/antonio/Desktop/TrueRenderer/crates/tr-store)
   Compiling tr-worker v0.1.4 (/Users/antonio/Desktop/TrueRenderer/crates/tr-worker)
   Compiling truerenderer v0.1.4 (/Users/antonio/Desktop/TrueRenderer/apps/desktop)
    Finished `dev` profile [optimized + debuginfo] target(s) in 6.59s
   Compiling tr-worker v0.1.4 (/Users/antonio/Desktop/TrueRenderer/crates/tr-worker)
   Compiling tr-app v0.1.4 (/Users/antonio/Desktop/TrueRenderer/crates/tr-app)
   Compiling tr-render v0.1.4 (/Users/antonio/Desktop/TrueRenderer/crates/tr-render)
   Compiling tr-platform v0.1.4 (/Users/antonio/Desktop/TrueRenderer/crates/tr-platform)
   Compiling tr-store v0.1.4 (/Users/antonio/Desktop/TrueRenderer/crates/tr-store)
   Compiling tr-core v0.1.4 (/Users/antonio/Desktop/TrueRenderer/crates/tr-core)
   Compiling truerenderer v0.1.4 (/Users/antonio/Desktop/TrueRenderer/apps/desktop)
    Finished `test` profile [optimized + debuginfo] target(s) in 3.12s
     Running unittests src/lib.rs (target/debug/deps/tr_app-931f86810c6ad751)

running 2 tests
test tests::filter_does_not_leave_hidden_selection ... ok
test tests::ratings_wait_for_commit_and_deduplicate_pending ... ok

test result: ok. 2 passed; 0 failed; 0 ignored; 0 measured; 0 filtered out; finished in 0.00s

     Running unittests src/lib.rs (target/debug/deps/tr_core-65353a5bcba8d705)

running 14 tests
test color::tests::invisible_rgb_does_not_leak_into_edges ... ok
test color::tests::invalid_raster_rejected ... ok
test color::tests::no_working_clamp ... ok
test color::tests::odd_edge_constant_and_identity ... ok
test color::tests::reduction_is_linear_not_encoded ... ok
test protocol::tests::reject_oversize_before_allocating ... ok
test protocol::tests::framing_truncation_and_version ... ok
test resample::tests::aligned_identity_and_crop_preserve_original_samples ... ok
test color::tests::transfer_and_matrix_round_trip ... ok
test resample::tests::transparent_hidden_colors_and_output_quota ... ok
test tests::keywords_and_rating_are_bounded ... ok
test tests::physical_one_to_one_on_retina ... ok
test resample::tests::odd_shapes_constant_and_alpha_remain_valid ... ok
test resample::tests::minification_suppresses_nyquist_pattern_in_linear_light ... ok

test result: ok. 14 passed; 0 failed; 0 ignored; 0 measured; 0 filtered out; finished in 0.01s

     Running unittests src/lib.rs (target/debug/deps/tr_platform-4c13ea27105bd6a0)

running 7 tests
test tests::cache_miss_decodes_captured_bytes_without_reopening_source ... ignored, requires cargo build --workspace; scripts/verify.sh runs this explicitly
test tests::real_worker_is_recycled_after_crash ... ignored, requires cargo build --workspace; scripts/verify.sh runs this explicitly
test tests::source_change_is_detected_before_decode ... ok
test tests::unknown_input_never_starts_a_worker ... ok
test tests::snapshot_from_external_broker_cannot_bypass_pipe_gate ... ok
test tests::accelerated_sha256_matches_known_vectors_and_chunk_boundaries ... ok
test tests::absolute_timeout_kills_stalled_process ... ok

test result: ok. 5 passed; 0 failed; 2 ignored; 0 measured; 0 filtered out; finished in 0.16s

     Running unittests src/lib.rs (target/debug/deps/tr_render-702c92e1dd9e17e5)

running 0 tests

test result: ok. 0 passed; 0 failed; 0 ignored; 0 measured; 0 filtered out; finished in 0.00s

     Running unittests src/lib.rs (target/debug/deps/tr_store-0a479bf00f125cd5)

running 3 tests
test tests::replacement_and_equal_content_copy_have_distinct_identity ... ok
test tests::stale_revision_rolls_back_every_table_and_undo_increments ... ok
test tests::durable_state_survives_index_deletion_and_restore ... ok

test result: ok. 3 passed; 0 failed; 0 ignored; 0 measured; 0 filtered out; finished in 0.11s

     Running unittests src/lib.rs (target/debug/deps/tr_worker-5fe6dc9a3e44900d)

running 6 tests
test native::tests::native_bitmap_preserves_orientation_alpha_and_sixteen_bit_precision ... ignored, Core Image requires a native macOS session outside a terminal sandbox
test tests::malformed_files_do_not_produce_valid_pixels ... ok
test tests::native_sixteen_bit_samples_are_not_reduced_to_eight ... ok
test tests::decoding_known_corpus_and_reduction ... ok
test tests::transport_rejects_unapproved_bytes_and_accepts_next_corpus_job ... ok
test native::tests::native_rejects_truncated_and_unknown_formats ... ok

test result: ok. 5 passed; 0 failed; 1 ignored; 0 measured; 0 filtered out; finished in 0.04s

     Running unittests src/main.rs (target/debug/deps/tr_worker-1c858ef9e3181a81)

running 0 tests

test result: ok. 0 passed; 0 failed; 0 ignored; 0 measured; 0 filtered out; finished in 0.00s

     Running unittests src/main.rs (target/debug/deps/truerenderer-74e3c137e26161e1)

running 8 tests
test decode_pool::tests::changing_domain_reaps_idle_decoder_without_a_new_job ... ignored, requires built worker; scripts/verify.sh runs this explicitly
test service::tests::asynchronous_scan_save_undo_and_invalid_mutation ... ignored, requires built worker; scripts/verify.sh runs this explicitly
test cache::tests::settings_persist_and_resource_limits_skip_cache_without_touching_sources ... ok
test cache::tests::roundtrip_is_bit_exact_and_invalidates_by_content_and_pipeline ... ok
test cache::tests::corrupt_truncated_and_cancelled_entries_are_misses_without_partial_publish ... ok
test cache::tests::symlinks_hardlinks_busy_readers_and_unowned_directories_are_not_modified ... ok
test cache::tests::quota_lru_expiry_and_temporary_recovery_preserve_unowned_files ... ok
test service::tests::annotation_save_remains_available_while_decoder_is_stalled ... ok

test result: ok. 6 passed; 0 failed; 2 ignored; 0 measured; 0 filtered out; finished in 0.48s

   Doc-tests tr_app

running 0 tests

test result: ok. 0 passed; 0 failed; 0 ignored; 0 measured; 0 filtered out; finished in 0.00s

   Doc-tests tr_core

running 0 tests

test result: ok. 0 passed; 0 failed; 0 ignored; 0 measured; 0 filtered out; finished in 0.00s

   Doc-tests tr_platform

running 0 tests

test result: ok. 0 passed; 0 failed; 0 ignored; 0 measured; 0 filtered out; finished in 0.00s

   Doc-tests tr_render

running 0 tests

test result: ok. 0 passed; 0 failed; 0 ignored; 0 measured; 0 filtered out; finished in 0.00s

   Doc-tests tr_store

running 0 tests

test result: ok. 0 passed; 0 failed; 0 ignored; 0 measured; 0 filtered out; finished in 0.00s

   Doc-tests tr_worker

running 0 tests

test result: ok. 0 passed; 0 failed; 0 ignored; 0 measured; 0 filtered out; finished in 0.00s

    Finished `test` profile [optimized + debuginfo] target(s) in 0.10s
     Running unittests src/lib.rs (target/debug/deps/tr_app-931f86810c6ad751)

running 0 tests

test result: ok. 0 passed; 0 failed; 0 ignored; 0 measured; 2 filtered out; finished in 0.00s

     Running unittests src/lib.rs (target/debug/deps/tr_core-65353a5bcba8d705)

running 0 tests

test result: ok. 0 passed; 0 failed; 0 ignored; 0 measured; 14 filtered out; finished in 0.00s

     Running unittests src/lib.rs (target/debug/deps/tr_platform-4c13ea27105bd6a0)

running 2 tests
test tests::cache_miss_decodes_captured_bytes_without_reopening_source ... ok
test tests::real_worker_is_recycled_after_crash ... ok

test result: ok. 2 passed; 0 failed; 0 ignored; 0 measured; 5 filtered out; finished in 0.36s

     Running unittests src/lib.rs (target/debug/deps/tr_render-702c92e1dd9e17e5)

running 0 tests

test result: ok. 0 passed; 0 failed; 0 ignored; 0 measured; 0 filtered out; finished in 0.00s

     Running unittests src/lib.rs (target/debug/deps/tr_store-0a479bf00f125cd5)

running 0 tests

test result: ok. 0 passed; 0 failed; 0 ignored; 0 measured; 3 filtered out; finished in 0.00s

     Running unittests src/lib.rs (target/debug/deps/tr_worker-5fe6dc9a3e44900d)

running 1 test
test native::tests::native_bitmap_preserves_orientation_alpha_and_sixteen_bit_precision ... ok

test result: ok. 1 passed; 0 failed; 0 ignored; 0 measured; 5 filtered out; finished in 0.06s

     Running unittests src/main.rs (target/debug/deps/tr_worker-1c858ef9e3181a81)

running 0 tests

test result: ok. 0 passed; 0 failed; 0 ignored; 0 measured; 0 filtered out; finished in 0.00s

     Running unittests src/main.rs (target/debug/deps/truerenderer-74e3c137e26161e1)

running 2 tests
test service::tests::asynchronous_scan_save_undo_and_invalid_mutation ... ok
test decode_pool::tests::changing_domain_reaps_idle_decoder_without_a_new_job ... ok

test result: ok. 2 passed; 0 failed; 0 ignored; 0 measured; 6 filtered out; finished in 0.36s

   Doc-tests tr_app

running 0 tests

test result: ok. 0 passed; 0 failed; 0 ignored; 0 measured; 0 filtered out; finished in 0.00s

   Doc-tests tr_core

running 0 tests

test result: ok. 0 passed; 0 failed; 0 ignored; 0 measured; 0 filtered out; finished in 0.00s

   Doc-tests tr_platform

running 0 tests

test result: ok. 0 passed; 0 failed; 0 ignored; 0 measured; 0 filtered out; finished in 0.00s

   Doc-tests tr_render

running 0 tests

test result: ok. 0 passed; 0 failed; 0 ignored; 0 measured; 0 filtered out; finished in 0.00s

   Doc-tests tr_store

running 0 tests

test result: ok. 0 passed; 0 failed; 0 ignored; 0 measured; 0 filtered out; finished in 0.00s

   Doc-tests tr_worker

running 0 tests

test result: ok. 0 passed; 0 failed; 0 ignored; 0 measured; 0 filtered out; finished in 0.00s

Worker protocol: 6 checks passed
Sampling: passed=true; 24 signal cases; exact 1:1=true
